// Jest Snapshot v1, https://goo.gl/fbAQLP

exports[`should show Not Found Page 1`] = `
<div>
  404 - 
  <Link
    replace={false}
    to="/"
  >
     Go Home 
  </Link>
</div>
`;
